[Licensing::Module] Trying to connect to existing licensing client channel...
[Licensing::IpcConnector] Successfully connected to: "LicenseClient-73591" at "2026-06-03T02:26:34.7945086Z"
[Licensing::Client] Code 10 while verifying Licensing Client signature (process Id: 33920, path: "C:/Program Files/Unity Hub/UnityLicensingClient_V1/Unity.Licensing.Client.exe")
[Licensing::Module] LicensingClient has failed validation; ignoring
[Licensing::Client] Error: HandshakeResponse reported an error:
	ResponseCode: 505
	ResponseStatus: Unsupported protocol version '1.16.2'.
[Licensing::Module] Error: Failed to handshake to channel: "LicenseClient-73591"
[Licensing::IpcConnector] LicenseClient-73591 channel disconnected successfully.
[Licensing::IpcConnector] Successfully connected to: "LicenseClient-73591-2022.3.62" at "2026-06-03T02:26:37.5134903Z"
[Licensing::Client] Code 10 while verifying Licensing Client signature (process Id: 35724, path: "C:/Program Files/Unity/Hub/Editor/2022.3.62f3c1/Editor/Data/Resources/Licensing/Client/Unity.Licensing.Client.exe")
[Licensing::Module] LicensingClient has failed validation; ignoring
[Licensing::Client] Handshaking with LicensingClient:
  Version:                 1.16.2+bdef8f5
  Session Id:              77299fd5cbbc42c2a093f9d729e8e607
  Correlation Id:          1db1937c77a4693c78a9966631da9533
  External correlation Id: 7786270919300757721
  Machine Id:              uCNNcFHDhLsKZloTmmJFqYM8tQo=
[Licensing::Module] Successfully connected to LicensingClient on channel: "LicenseClient-73591-2022.3.62" (connect: 0.00s, validation: 0.01s, handshake: 0.01s)
[Licensing::IpcConnector] Successfully connected to: "LicenseClient-73591-2022.3.62-notifications" at "2026-06-03T02:26:37.5340256Z"
[Licensing::Module] Error: Access token is unavailable; failed to update
[Licensing::Client] Successfully updated license
Built from '2022.3/china_unity/release' branch; Version is '2022.3.62f3c1 (1623fc0bbb97) revision 1451004'; Using compiler version '192829333'; Build Type 'Release'
OS: 'Windows 11  (10.0.26200) 64bit Core' Language: 'zh' Physical Memory: 49059 MB
[Licensing::Client] Successfully resolved entitlement details
[Licensing::Module] Serial number assigned to: "F4-S2UQ-BSSZ-T5HQ-T6MP-XXXX"
BatchMode: 1, IsHumanControllingUs: 0, StartBugReporterOnCrash: 0, Is64bit: 1, IsPro: 0
[Licensing::Client] Successfully resolved entitlement details

COMMAND LINE ARGUMENTS:
C:\Program Files\Unity\Hub\Editor\2022.3.62f3c1\Editor\Unity.exe
-batchmode
-quit
-projectPath
C:\Users\73591\SLG-UI-Framework
-logFile
C:\Users\73591\SLG-UI-Framework\unity_batch.log
Successfully changed project path to: C:\Users\73591\SLG-UI-Framework
C:/Users/73591/SLG-UI-Framework
It looks like another Unity instance is running with this project open.

Multiple Unity instances cannot open the same project.

Project: C:/Users/73591/SLG-UI-Framework
Fatal Error! It looks like another Unity instance is running with this project open.

Multiple Unity instances cannot open the same project.

Project: C:/Users/73591/SLG-UI-Framework
Crash!!!
SymInit: Symbol-SearchPath: 'C:/Program Files/Unity/Hub/Editor/2022.3.62f3c1/Editor/Data/Mono;.;C:\Users\73591\SLG-UI-Framework;C:\Users\73591\SLG-UI-Framework\Library\BurstCache\JIT;C:\Program Files\Unity\Hub\Editor\2022.3.62f3c1\Editor;C:\WINDOWS;C:\WINDOWS\system32;', symOptions: 534, UserName: '73591'
OS-Version: 10.0.0
C:\Program Files\Unity\Hub\Editor\2022.3.62f3c1\Editor\Unity.exe:Unity.exe (00007FF6C1990000), size: 96317440 (result: 0), SymType: '-deferred-', PDB: '', fileVersion: 2022.3.62.9212
C:\WINDOWS\SYSTEM32\ntdll.dll:ntdll.dll (00007FFCBEAC0000), size: 2519040 (result: 0), SymType: '-deferred-', PDB: '', fileVersion: 10.0.26100.8328
C:\WINDOWS\System32\KERNEL32.DLL:KERNEL32.DLL (00007FFCBC840000), size: 823296 (result: 0), SymType: '-deferred-', PDB: '', fileVersion: 10.0.26100.8328
C:\WINDOWS\System32\KERNELBASE.dll:KERNELBASE.dll (00007FFCBB720000), size: 4157440 (result: 0), SymType: '-deferred-', PDB: '', fileVersion: 10.0.26100.8457
C:\WINDOWS\System32\CRYPT32.dll:CRYPT32.dll (00007FFCBB4F0000), size: 1540096 (result: 0), SymType: '-deferred-', PDB: '', fileVersion: 10.0.26100.8328
C:\WINDOWS\System32\ucrtbase.dll:ucrtbase.dll (00007FFCBC6F0000), size: 1355776 (result: 0), SymType: '-deferred-', PDB: '', fileVersion: 10.0.26100.8328
C:\WINDOWS\System32\USER32.dll:USER32.dll (00007FFCBE8A0000), size: 1859584 (result: 0), SymType: '-deferred-', PDB: '', fileVersion: 10.0.26100.8457
C:\WINDOWS\System32\win32u.dll:win32u.dll (00007FFCBC550000), size: 159744 (result: 0), SymType: '-deferred-', PDB: '', fileVersion: 10.0.26100.8457
C:\Program Files\Unity\Hub\Editor\2022.3.62f3c1\Editor\libfbxsdk.dll:libfbxsdk.dll (00007FFC1D180000), size: 8019968 (result: 0), SymType: '-deferred-', PDB: '', fileVersion: 2020.3.7.0
C:\Program Files\Unity\Hub\Editor\2022.3.62f3c1\Editor\s3tcompress.dll:s3tcompress.dll (00007FFCB7220000), size: 180224 (result: 0), SymType: '-deferred-', PDB: ''
C:\Program Files\Unity\Hub\Editor\2022.3.62f3c1\Editor\etccompress.dll:etccompress.dll (00007FFC223F0000), size: 5070848 (result: 0), SymType: '-deferred-', PDB: ''
C:\WINDOWS\System32\GDI32.dll:GDI32.dll (00007FFCBE670000), size: 176128 (result: 0), SymType: '-deferred-', PDB: '', fileVersion: 10.0.26100.8328
C:\WINDOWS\System32\ADVAPI32.dll:ADVAPI32.dll (00007FFCBD200000), size: 745472 (result: 0), SymType: '-deferred-', PDB: '', fileVersion: 10.0.26100.8328
C:\WINDOWS\System32\gdi32full.dll:gdi32full.dll (00007FFCBC420000), size: 1228800 (result: 0), SymType: '-deferred-', PDB: '', fileVersion: 10.0.26100.8457
C:\WINDOWS\System32\msvcrt.dll:msvcrt.dll (00007FFCBE7A0000), size: 692224 (result: 0), SymType: '-deferred-', PDB: '', fileVersion: 7.0.26100.8246
C:\Program Files\Unity\Hub\Editor\2022.3.62f3c1\Editor\ispc_texcomp.dll:ispc_texcomp.dll (00007FFC77F60000), size: 1826816 (result: 0), SymType: '-deferred-', PDB: ''
C:\WINDOWS\System32\msvcp_win.dll:msvcp_win.dll (00007FFCBC580000), size: 667648 (result: 0), SymType: '-deferred-', PDB: '', fileVersion: 10.0.26100.8328
C:\WINDOWS\System32\sechost.dll:sechost.dll (00007FFCBDBE0000), size: 684032 (result: 0), SymType: '-deferred-', PDB: '', fileVersion: 10.0.26100.8328
C:\Program Files\Unity\Hub\Editor\2022.3.62f3c1\Editor\compress_bc7e.dll:compress_bc7e.dll (00007FFC53590000), size: 1433600 (result: 0), SymType: '-deferred-', PDB: ''
C:\WINDOWS\System32\RPCRT4.dll:RPCRT4.dll (00007FFCBE0A0000), size: 1146880 (result: 0), SymType: '-deferred-', PDB: '', fileVersion: 10.0.26100.8328
C:\WINDOWS\System32\SHELL32.dll:SHELL32.dll (00007FFCBCA70000), size: 7790592 (result: 0), SymType: '-deferred-', PDB: '', fileVersion: 10.0.26100.8457
C:\Program Files\Unity\Hub\Editor\2022.3.62f3c1\Editor\FreeImage.dll:FreeImage.dll (0000000180000000), size: 5783552 (result: 0), SymType: '-deferred-', PDB: '', fileVersion: 3.18.0.0
C:\Program Files\Unity\Hub\Editor\2022.3.62f3c1\Editor\WinPixEventRuntime.dll:WinPixEventRuntime.dll (00007FFCB8DB0000), size: 45056 (result: 0), SymType: '-deferred-', PDB: '', fileVersion: 1.0.1812.6001
C:\WINDOWS\System32\WS2_32.dll:WS2_32.dll (00007FFCBE380000), size: 524288 (result: 0), SymType: '-deferred-', PDB: '', fileVersion: 10.0.26100.8328
C:\WINDOWS\System32\SHLWAPI.dll:SHLWAPI.dll (00007FFCBD850000), size: 417792 (result: 0), SymType: '-deferred-', PDB: '', fileVersion: 10.0.26100.8457
C:\WINDOWS\System32\Windows.Storage.dll:Windows.Storage.dll (00007FFCBBBB0000), size: 8830976 (result: 0), SymType: '-deferred-', PDB: '', fileVersion: 10.0.26100.8457
C:\Program Files\Unity\Hub\Editor\2022.3.62f3c1\Editor\umbraoptimizer64.dll:umbraoptimizer64.dll (00007FFC82A70000), size: 1187840 (result: 0), SymType: '-deferred-', PDB: ''
C:\WINDOWS\System32\combase.dll:combase.dll (00007FFCBDD10000), size: 3682304 (result: 0), SymType: '-deferred-', PDB: '', fileVersion: 10.0.26100.8328
C:\WINDOWS\System32\ole32.dll:ole32.dll (00007FFCBD940000), size: 1667072 (result: 0), SymType: '-deferred-', PDB: '', fileVersion: 10.0.26100.8457
C:\WINDOWS\SYSTEM32\MSVCP140.dll:MSVCP140.dll (00007FFC996F0000), size: 638976 (result: 0), SymType: '-deferred-', PDB: '', fileVersion: 14.51.36231.0
C:\WINDOWS\SYSTEM32\VCRUNTIME140.dll:VCRUNTIME140.dll (00007FFC98F20000), size: 180224 (result: 0), SymType: '-deferred-', PDB: '', fileVersion: 14.51.36231.0
C:\WINDOWS\System32\IMM32.dll:IMM32.dll (00007FFCBE630000), size: 204800 (result: 0), SymType: '-deferred-', PDB: '', fileVersion: 10.0.26100.8328
C:\WINDOWS\SYSTEM32\VCRUNTIME140_1.dll:VCRUNTIME140_1.dll (00007FFC984E0000), size: 49152 (result: 0), SymType: '-deferred-', PDB: '', fileVersion: 14.51.36231.0
C:\WINDOWS\System32\SETUPAPI.dll:SETUPAPI.dll (00007FFCBD3C0000), size: 4747264 (result: 0), SymType: '-deferred-', PDB: '', fileVersion: 10.0.26100.8328
C:\WINDOWS\System32\OLEAUT32.dll:OLEAUT32.dll (00007FFCBE1C0000), size: 888832 (result: 0), SymType: '-deferred-', PDB: '', fileVersion: 10.0.26100.8328
C:\WINDOWS\SYSTEM32\OPENGL32.dll:OPENGL32.dll (00007FFC90FE0000), size: 1110016 (result: 0), SymType: '-deferred-', PDB: '', fileVersion: 10.0.26100.8328
C:\WINDOWS\SYSTEM32\GLU32.dll:GLU32.dll (00007FFC9A270000), size: 184320 (result: 0), SymType: '-deferred-', PDB: '', fileVersion: 10.0.26100.1150
C:\WINDOWS\System32\WINTRUST.dll:WINTRUST.dll (00007FFCBBB20000), size: 532480 (result: 0), SymType: '-deferred-', PDB: '', fileVersion: 10.0.26100.8328
C:\WINDOWS\SYSTEM32\IPHLPAPI.DLL:IPHLPAPI.DLL (00007FFCB9D70000), size: 204800 (result: 0), SymType: '-deferred-', PDB: '', fileVersion: 10.0.26100.8457
C:\WINDOWS\SYSTEM32\WINHTTP.dll:WINHTTP.dll (00007FFCB4230000), size: 1216512 (result: 0), SymType: '-deferred-', PDB: '', fileVersion: 10.0.26100.8328
C:\WINDOWS\SYSTEM32\bcrypt.dll:bcrypt.dll (00007FFCBB3E0000), size: 172032 (result: 0), SymType: '-deferred-', PDB: '', fileVersion: 10.0.26100.8246
C:\WINDOWS\SYSTEM32\WINMM.dll:WINMM.dll (00007FFCAC930000), size: 221184 (result: 0), SymType: '-deferred-', PDB: '', fileVersion: 10.0.26100.8457
C:\WINDOWS\SYSTEM32\HID.DLL:HID.DLL (00007FFCB9980000), size: 61440 (result: 0), SymType: '-deferred-', PDB: '', fileVersion: 10.0.26100.1150
C:\Program Files\Unity\Hub\Editor\2022.3.62f3c1\Editor\SketchUpAPI.dll:SketchUpAPI.dll (00007FFC1C8E0000), size: 8990720 (result: 0), SymType: '-deferred-', PDB: '', fileVersion: 23.0.0.0
C:\WINDOWS\SYSTEM32\dwmapi.dll:dwmapi.dll (00007FFCB92D0000), size: 192512 (result: 0), SymType: '-deferred-', PDB: '', fileVersion: 10.0.26100.8457
C:\Program Files\Unity\Hub\Editor\2022.3.62f3c1\Editor\NativeProxyHelper.dll:NativeProxyHelper.dll (00007FFC23610000), size: 1789952 (result: 0), SymType: '-deferred-', PDB: ''
C:\WINDOWS\SYSTEM32\VERSION.dll:VERSION.dll (00007FFCB5250000), size: 45056 (result: 0), SymType: '-deferred-', PDB: '', fileVersion: 10.0.26100.1150
C:\WINDOWS\SYSTEM32\WSOCK32.dll:WSOCK32.dll (00007FFC9D9B0000), size: 40960 (result: 0), SymType: '-deferred-', PDB: '', fileVersion: 10.0.26100.1
C:\Program Files\Unity\Hub\Editor\2022.3.62f3c1\Editor\SketchUpCommonPreferences.dll:SketchUpCommonPreferences.dll (00007FFC978F0000), size: 499712 (result: 0), SymType: '-deferred-', PDB: '', fileVersion: 23.0.0.0
C:\WINDOWS\SYSTEM32\Secur32.dll:Secur32.dll (00007FFCB8DC0000), size: 53248 (result: 0), SymType: '-deferred-', PDB: '', fileVersion: 10.0.26100.7705
C:\WINDOWS\SYSTEM32\dxcore.dll:dxcore.dll (00007FFCB9280000), size: 282624 (result: 0), SymType: '-deferred-', PDB: '', fileVersion: 10.0.26100.8328
C:\WINDOWS\SYSTEM32\SSPICLI.DLL:SSPICLI.DLL (00007FFCBA640000), size: 299008 (result: 0), SymType: '-deferred-', PDB: '', fileVersion: 10.0.26100.8328
C:\Program Files\Unity\Hub\Editor\2022.3.62f3c1\Editor\OpenRL.dll:OpenRL.dll (0000023FBDD20000), size: 12779520 (result: 0), SymType: '-deferred-', PDB: '', fileVersion: 1.5.0.2907
C:\WINDOWS\SYSTEM32\MSWSOCK.DLL:MSWSOCK.DLL (00007FFCBA910000), size: 442368 (result: 0), SymType: '-deferred-', PDB: '', fileVersion: 10.0.26100.8328
C:\WINDOWS\SYSTEM32\MSVCR100.dll:MSVCR100.dll (0000000054530000), size: 860160 (result: 0), SymType: '-deferred-', PDB: '', fileVersion: 10.0.40219.325
C:\WINDOWS\SYSTEM32\MSVCP100.dll:MSVCP100.dll (0000000054610000), size: 622592 (result: 0), SymType: '-deferred-', PDB: '', fileVersion: 10.0.40219.325
C:\Program Files\Unity\Hub\Editor\2022.3.62f3c1\Editor\embree.dll:embree.dll (00007FFC1B8F0000), size: 16711680 (result: 0), SymType: '-deferred-', PDB: '', fileVersion: 2.14.0.0
C:\Program Files\Unity\Hub\Editor\2022.3.62f3c1\Editor\tbb.dll:tbb.dll (00007FFC96220000), size: 413696 (result: 0), SymType: '-deferred-', PDB: '', fileVersion: 2017.0.2016.1004
C:\WINDOWS\SYSTEM32\MSVCP120.dll:MSVCP120.dll (00007FFC8C300000), size: 679936 (result: 0), SymType: '-deferred-', PDB: '', fileVersion: 12.0.21005.1
C:\WINDOWS\SYSTEM32\MSVCR120.dll:MSVCR120.dll (00007FFC52ED0000), size: 978944 (result: 0), SymType: '-deferred-', PDB: '', fileVersion: 12.0.21005.1
C:\Program Files\Unity\Hub\Editor\2022.3.62f3c1\Editor\OpenRL_pthread.dll:OpenRL_pthread.dll (0000023FBE970000), size: 61440 (result: 0), SymType: '-deferred-', PDB: '', fileVersion: 2.9.0.0
C:\WINDOWS\SYSTEM32\MSASN1.dll:MSASN1.dll (00007FFCBAC60000), size: 77824 (result: 0), SymType: '-deferred-', PDB: '', fileVersion: 10.0.26100.8246
C:\WINDOWS\SYSTEM32\CRYPTBASE.DLL:CRYPTBASE.DLL (00007FFCBAC10000), size: 49152 (result: 0), SymType: '-deferred-', PDB: '', fileVersion: 10.0.26100.8246
C:\WINDOWS\System32\bcryptPrimitives.dll:bcryptPrimitives.dll (00007FFCBB670000), size: 688128 (result: 0), SymType: '-deferred-', PDB: '', fileVersion: 10.0.26100.8328
C:\WINDOWS\SYSTEM32\cfgmgr32.DLL:cfgmgr32.DLL (00007FFCBAFC0000), size: 331776 (result: 0), SymType: '-deferred-', PDB: '', fileVersion: 10.0.26100.8115
C:\WINDOWS\SYSTEM32\kernel.appcore.dll:kernel.appcore.dll (00007FFCBA3A0000), size: 110592 (result: 0), SymType: '-deferred-', PDB: '', fileVersion: 10.0.26100.8328
C:\WINDOWS\system32\uxtheme.dll:uxtheme.dll (00007FFCB9010000), size: 696320 (result: 0), SymType: '-deferred-', PDB: '', fileVersion: 10.0.26100.8457
C:\WINDOWS\System32\SHCORE.dll:SHCORE.dll (00007FFCBD2C0000), size: 1007616 (result: 0), SymType: '-deferred-', PDB: '', fileVersion: 10.0.26100.8457
C:\WINDOWS\SYSTEM32\profapi.dll:profapi.dll (00007FFCBB410000), size: 167936 (result: 0), SymType: '-deferred-', PDB: '', fileVersion: 10.0.26100.8328
C:\WINDOWS\SYSTEM32\CRYPTSP.dll:CRYPTSP.dll (00007FFCBABF0000), size: 110592 (result: 0), SymType: '-deferred-', PDB: '', fileVersion: 10.0.26100.8328
C:\WINDOWS\system32\rsaenh.dll:rsaenh.dll (00007FFCBA300000), size: 233472 (result: 0), SymType: '-deferred-', PDB: '', fileVersion: 10.0.26100.7705
C:\WINDOWS\System32\imagehlp.dll:imagehlp.dll (00007FFCBE600000), size: 131072 (result: 0), SymType: '-deferred-', PDB: '', fileVersion: 10.0.26100.4202
C:\WINDOWS\SYSTEM32\gpapi.dll:gpapi.dll (00007FFCBA980000), size: 192512 (result: 0), SymType: '-deferred-', PDB: '', fileVersion: 10.0.26100.8328
C:\Windows\System32\cryptnet.dll:cryptnet.dll (00007FFCB3FC0000), size: 241664 (result: 0), SymType: '-deferred-', PDB: '', fileVersion: 10.0.26100.8328
C:\WINDOWS\SYSTEM32\WINNSI.DLL:WINNSI.DLL (00007FFCB8FC0000), size: 57344 (result: 0), SymType: '-deferred-', PDB: '', fileVersion: 10.0.26100.8246
C:\WINDOWS\System32\NSI.dll:NSI.dll (00007FFCBE5F0000), size: 40960 (result: 0), SymType: '-deferred-', PDB: '', fileVersion: 10.0.26100.8246
C:\WINDOWS\SYSTEM32\dhcpcsvc6.DLL:dhcpcsvc6.DLL (00007FFCB4740000), size: 118784 (result: 0), SymType: '-deferred-', PDB: '', fileVersion: 10.0.26100.8328
C:\WINDOWS\SYSTEM32\dhcpcsvc.DLL:dhcpcsvc.DLL (00007FFCB40D0000), size: 151552 (result: 0), SymType: '-deferred-', PDB: '', fileVersion: 10.0.26100.8328
C:\WINDOWS\SYSTEM32\webio.dll:webio.dll (00007FFC9C230000), size: 839680 (result: 0), SymType: '-deferred-', PDB: '', fileVersion: 10.0.26100.8328
C:\WINDOWS\SYSTEM32\DNSAPI.dll:DNSAPI.dll (00007FFCB9E10000), size: 1253376 (result: 0), SymType: '-deferred-', PDB: '', fileVersion: 10.0.26100.8457
C:\Windows\System32\rasadhlp.dll:rasadhlp.dll (00007FFCA3420000), size: 45056 (result: 0), SymType: '-deferred-', PDB: '', fileVersion: 10.0.26100.7920
C:\WINDOWS\System32\fwpuclnt.dll:fwpuclnt.dll (00007FFCB3B90000), size: 548864 (result: 0), SymType: '-deferred-', PDB: '', fileVersion: 10.0.26100.8457
C:\WINDOWS\system32\IconCodecService.dll:IconCodecService.dll (00007FFC78190000), size: 45056 (result: 0), SymType: '-deferred-', PDB: '', fileVersion: 10.0.26100.1
C:\WINDOWS\SYSTEM32\WindowsCodecs.dll:WindowsCodecs.dll (00007FFCB7370000), size: 2281472 (result: 0), SymType: '-deferred-', PDB: '', fileVersion: 10.0.26100.8328
C:\WINDOWS\System32\clbcatq.dll:clbcatq.dll (00007FFCBE2A0000), size: 712704 (result: 0), SymType: '-deferred-', PDB: '', fileVersion: 2001.12.10941.16384
C:\WINDOWS\System32\netprofm.dll:netprofm.dll (00007FFCB5C00000), size: 450560 (result: 0), SymType: '-deferred-', PDB: '', fileVersion: 10.0.26100.8328
C:\WINDOWS\System32\npmproxy.dll:npmproxy.dll (00007FFCB3A10000), size: 102400 (result: 0), SymType: '-deferred-', PDB: '', fileVersion: 10.0.26100.8328
C:\WINDOWS\SYSTEM32\dbghelp.dll:dbghelp.dll (00007FFCAA1A0000), size: 2367488 (result: 0), SymType: '-deferred-', PDB: '', fileVersion: 10.0.26100.8328

========== OUTPUTTING STACK TRACE ==================

0x00007FFCBB7DFE0A (KERNELBASE) RaiseException
0x00007FF6C3633D10 (Unity) EditorMonoConsole::LogToConsoleImplementation
0x00007FF6C36346FC (Unity) EditorMonoConsole::LogToConsoleImplementation
0x00007FF6C42C8ADF (Unity) DebugStringToFilePostprocessedStacktrace
0x00007FF6C42C823A (Unity) DebugStringToFile
0x00007FF6C37A03A7 (Unity) HandleProjectAlreadyOpenInAnotherInstance
0x00007FF6C37A2948 (Unity) Application::InitializeProject
0x00007FF6C3C1FEE5 (Unity) WinMain
0x00007FF6C4FE34BE (Unity) __scrt_common_main_seh
0x00007FFCBC86E957 (KERNEL32) BaseThreadInitThunk
0x00007FFCBEAC427C (ntdll) RtlUserThreadStart

========== END OF STACKTRACE ===========

A crash has been intercepted by the crash handler. For call stack and other details, see the latest crash report generated in:
 * C:/Users/73591/AppData/Local/Temp/Unity/Editor/Crashes
